INSTITUTE OF ENGINEERING AND MANAGEMENT KOLKATA
DEPARTMENT OF COMPUTER SCIENCE
COMPUTER NETWORKS CS 692
DATE :- 11.04.2019
Aim: Configure Network using Link State Vector Routing protocol.  
⇒ OSPF


Network :- 


  





For Router 0
--- System Configuration Dialog ---


Would you like to enter the initial configuration dialog? [yes/no]: no




Press RETURN to get started!






Router>en
Router#config t
Enter configuration commands, one per line. End with CNTL/Z.
Router(config)#int f0/0
Router(config-if)#ip address 192.168.1.1 255.255.255.0
Router(config-if)#no shut


Router(config-if)#
%LINK-5-CHANGED: Interface FastEthernet0/0, changed state to up


%LINEPROTO-5-UPDOWN: Line protocol on Interface FastEthernet0/0, changed state to up
exit
Router(config)#int se2/0
Router(config-if)#ip address 10.0.0.2 255.0.0.0
Router(config-if)#no shut


%LINK-5-CHANGED: Interface Serial2/0, changed state to down
Router(config-if)#exit
Router(config)#exit
Router#
%SYS-5-CONFIG_I: Configured from console by console


Router#
%LINK-5-CHANGED: Interface Serial2/0, changed state to up


%LINEPROTO-5-UPDOWN: Line protocol on Interface Serial2/0, changed state to up


Router#en
Router#config t
Enter configuration commands, one per line. End with CNTL/Z.
Router(config)#router ospf 1
Router(config-router)#net 192.168.1.0 0.0.0.255 area 0
Router(config-router)#net 10.0.0.0 0.255.255.255 area 0
Router(config-router)#exit
Router(config)#end
Router#
%SYS-5-CONFIG_I: Configured from console by console


Router#
00:13:58: %OSPF-5-ADJCHG: Process 1, Nbr 192.168.2.1 on Serial2/0 from LOADING to FULL, Loading Done






Router con0 is now available












Press RETURN to get started.


For Router 1
--- System Configuration Dialog ---


Would you like to enter the initial configuration dialog? [yes/no]: no




Press RETURN to get started!






Router>en
Router#config t
Enter configuration commands, one per line. End with CNTL/Z.
Router(config)#int f0/0
Router(config-if)#ip address 192.168.2.1 255.255.255.0
Router(config-if)#no shut


Router(config-if)#
%LINK-5-CHANGED: Interface FastEthernet0/0, changed state to up


%LINEPROTO-5-UPDOWN: Line protocol on Interface FastEthernet0/0, changed state to up
exit
Router(config)#int se2/0
Router(config-if)#ip adddress 10.0.0.3 255.0.0.0
^
% Invalid input detected at '^' marker.
        
Router(config-if)#ip address 10.0.0.3 255.0.0.0
Router(config-if)#no shut


Router(config-if)#
%LINK-5-CHANGED: Interface Serial2/0, changed state to up


Router(config-if)#exit
Router(config)#i
%LINEPROTO-5-UPDOWN: Line protocol on Interface Serial2/0, changed state to up
Router(config)#int se3/0
Router(config-if)#ip address 11.0.0.2 255.0.0.0
Router(config-if)#no shut


%LINK-5-CHANGED: Interface Serial3/0, changed state to down
Router(config-if)#exit
Router(config)#
%LINK-5-CHANGED: Interface Serial3/0, changed state to up


%LINEPROTO-5-UPDOWN: Line protocol on Interface Serial3/0, changed state to up


Router(config)#router ospf 1
Router(config-router)#net 192.168.2.0 0.0.0.255 area 0
Router(config-router)#net 10.0.0.0 0.255.255.255 area 0
Router(config-router)#net 11.0.0.0 0.255.255.255 area 0
00:13:54: %OSPF-5-ADJCHG: Process 1, Nbr 192.168.1.1 on Serial2/0 from LOADING to FULL, Loading Done


Router(config-router)#net 11.0.0.0 0.255.255.255 area 0
Router(config-router)#exit
Router(config)#end
Router#
%SYS-5-CONFIG_I: Configured from console by console


Router#
00:15:14: %OSPF-5-ADJCHG: Process 1, Nbr 192.168.3.1 on Serial3/0 from LOADING to FULL, Loading Done


Router con0 is now available












Press RETURN to get started.


For Router 2
--- System Configuration Dialog ---


Would you like to enter the initial configuration dialog? [yes/no]: no




Press RETURN to get started!






Router>en
Router#config t
Enter configuration commands, one per line. End with CNTL/Z.
Router(config)#int f0/0
Router(config-if)#ip address 192.168.3.1 255.255.255.0
Router(config-if)#no shut


Router(config-if)#
%LINK-5-CHANGED: Interface FastEthernet0/0, changed state to up


%LINEPROTO-5-UPDOWN: Line protocol on Interface FastEthernet0/0, changed state to up


Router(config-if)#exit
Router(config)#int se2/0
Router(config-if)#ip address 11.0.0.3 255.0.0.0
Router(config-if)#no shut


Router(config-if)#
%LINK-5-CHANGED: Interface Serial2/0, changed state to up


Router(config-if)#
%LINEPROTO-5-UPDOWN: Line protocol on Interface Serial2/0, changed state to up


Router(config-if)#exit
Router(config)#router ospf 1
Router(config-router)#net 192.168.3.0 0.0.0.255 area 0
Router(config-router)#net 11.0.0.0 0.255.255.255 area 0
Router(config-router)#exit
Router(config)#end
Router#
%SYS-5-CONFIG_I: Configured from console by console


Router#
00:15:11: %OSPF-5-ADJCHG: Process 1, Nbr 192.168.2.1 on Serial2/0 from LOADING to FULL, Loading Done


















Router con0 is now available












Press RETURN to get started.